empty empty empty empty empty empty empty empty empty empty empty empty empty empty empty empty empty empty empty empty empty 
empty empty empty empty empty empty empty empty empty empty empty empty empty empty empty empty empty empty empty empty empty 
empty empty empty empty empty empty ground ground empty empty empty ground ground ground ground ground empty empty empty empty empty 
empty empty empty empty empty ground ground empty empty empty empty ground empty empty empty ground ground empty empty empty empty 
empty empty empty empty empty ground empty empty empty empty empty ground empty empty empty empty ground empty empty empty empty 
empty empty empty empty empty empty empty empty empty empty ground ground empty empty spawn1 empty ground empty empty empty empty 
empty empty empty empty empty empty empty empty goal goal ground ground empty empty empty empty ground empty empty empty empty 
empty empty empty empty empty empty empty empty goal goal empty ground empty empty empty empty ground empty empty empty empty 
empty empty empty empty empty empty empty empty empty empty empty ground empty empty spawn2 empty ground empty empty empty empty 
empty empty empty empty empty empty empty empty empty empty empty ground empty empty empty empty ground empty empty empty empty 
empty empty empty empty empty empty empty empty empty empty empty ground empty empty empty empty ground empty empty empty empty 
empty empty empty empty empty empty empty empty empty empty empty ground ground empty empty empty ground empty empty empty empty 
empty empty empty empty empty empty empty empty empty empty empty empty ground ground ground ground ground empty empty empty empty 
empty empty empty empty empty empty empty empty empty empty empty empty empty empty empty empty ground empty empty empty empty 
empty empty empty empty empty empty empty empty empty empty empty empty empty ground empty empty ground empty empty empty empty 
empty empty empty empty empty empty empty empty empty empty empty empty empty ground empty empty ground empty empty empty empty 
empty empty empty empty empty empty empty empty empty empty empty empty empty ground empty empty ground empty empty empty empty 
empty empty empty empty empty empty empty empty empty empty empty empty empty ground empty empty ground empty empty empty empty 
empty empty empty empty empty empty empty empty empty empty empty empty empty ground empty empty ground empty empty empty empty 
empty empty empty empty empty empty empty empty empty empty empty empty empty ground empty empty ground empty empty empty empty 
empty empty empty empty empty empty empty empty empty empty empty empty empty ground empty empty ground empty empty empty empty 
empty empty empty empty empty empty empty empty empty empty empty empty empty ground empty empty ground empty empty empty empty 
empty empty empty empty empty ground empty empty empty empty empty empty empty ground empty empty ground empty empty empty empty 
empty empty empty empty empty ground ground empty empty empty empty ground empty empty empty ground ground empty empty empty empty 
empty empty empty empty empty empty ground ground empty empty empty ground ground ground ground ground empty empty empty empty empty 
empty empty empty empty empty empty empty empty empty empty empty empty empty empty empty empty empty empty empty empty empty 
empty empty empty empty empty empty empty empty empty empty empty empty empty empty empty empty empty empty empty empty empty 
empty empty empty empty empty empty empty empty empty empty empty empty empty empty empty empty empty empty empty empty empty 
