empty empty empty empty empty empty empty empty empty empty empty empty empty empty empty empty empty empty empty empty empty 
empty empty empty ground ground ground ground empty ground ground ground empty empty empty empty empty empty empty empty empty empty 
empty empty empty empty empty empty ground empty ground empty empty ground empty empty empty empty empty empty empty empty empty 
empty empty empty empty spawn1 empty ground empty ground spawn2 empty ground empty empty empty empty empty empty empty empty empty 
empty empty empty ground empty empty ground empty ground empty empty ground empty empty empty empty empty empty empty empty empty 
empty empty empty ground empty empty ground empty ground empty empty ground ground ground ground empty empty empty empty empty empty 
empty empty empty ground empty empty ground ground ground empty empty ground ground empty empty ground empty empty empty empty empty 
empty empty empty ground empty empty empty empty ground empty empty ground empty empty empty ground empty empty empty empty empty 
empty empty empty ground ground ground ground ground ground empty empty ground ground empty empty ground ground ground empty empty empty 
empty empty empty empty empty empty empty empty ground empty empty empty ground empty empty ground empty ground empty empty empty 
empty empty empty empty empty empty empty empty ground ground ground ground ground empty empty ground empty ground empty empty empty 
empty empty empty empty empty empty empty empty empty empty empty empty ground empty empty ground empty ground empty empty empty 
empty empty empty empty empty empty empty empty empty ground ground empty ground empty empty ground empty ground empty empty empty 
empty empty empty empty empty empty empty empty empty ground ground empty ground empty empty ground ground ground empty empty empty 
empty empty empty empty empty empty empty empty empty ground ground empty ground empty empty ground empty ground empty empty empty 
empty empty empty empty empty empty empty empty empty empty empty empty ground empty empty ground empty ground empty empty empty 
empty empty empty empty empty empty empty empty ground ground ground ground empty empty ground ground empty ground empty empty empty 
empty empty empty empty empty empty empty empty ground empty empty empty empty empty ground ground empty ground empty empty empty 
empty empty empty ground ground ground ground ground ground ground empty empty ground empty empty ground ground ground empty empty empty 
empty empty empty ground empty empty empty empty empty ground empty empty ground empty empty ground empty empty empty empty empty 
empty empty empty ground empty empty empty ground empty ground empty empty ground empty empty ground empty empty empty empty empty 
empty empty empty ground empty empty ground empty empty empty empty empty ground ground ground empty empty empty empty empty empty 
empty empty empty ground goal goal ground empty empty empty empty ground empty empty empty empty empty empty empty empty empty 
empty empty empty empty goal goal ground empty empty empty empty ground empty empty empty empty empty empty empty empty empty 
empty empty empty empty empty empty ground empty empty empty empty ground empty empty empty empty empty empty empty empty empty 
empty empty empty ground ground ground ground empty empty ground ground empty empty empty empty empty empty empty empty empty empty 
empty empty empty empty empty empty empty empty empty empty empty empty empty empty empty empty empty empty empty empty empty 
empty empty empty empty empty empty empty empty empty empty empty empty empty empty empty empty empty empty empty empty empty 
