empty empty empty empty empty empty empty empty empty empty empty empty empty empty empty empty empty empty empty empty empty 
empty empty empty empty empty empty empty empty empty empty empty empty empty empty empty empty empty empty empty empty empty 
empty empty empty empty empty empty empty empty empty empty empty empty empty empty empty empty empty empty empty empty empty 
empty empty empty empty empty empty empty empty empty empty empty empty ground ground empty empty empty empty empty empty empty 
empty empty empty empty empty empty empty empty empty empty empty empty ground ground ground empty empty empty empty empty empty 
empty empty empty empty empty empty empty empty empty empty empty empty empty empty ground ground empty empty empty empty empty 
empty empty empty empty empty empty empty empty empty empty empty empty spawn1 empty ground empty ground empty empty empty empty 
empty empty empty empty empty empty empty empty empty empty empty empty empty empty ground empty empty empty empty empty empty 
empty empty empty empty empty empty empty empty empty empty empty empty spawn2 empty ground empty empty empty empty empty empty 
empty empty empty empty empty empty empty empty ground ground empty empty empty empty ground empty empty empty empty empty empty 
empty empty empty empty empty empty empty empty empty ground ground empty empty empty ground empty empty empty empty empty empty 
empty empty empty empty empty empty empty empty empty empty ground ground empty empty ground ground empty empty empty empty empty 
empty empty empty empty empty ground empty empty empty empty empty ground empty empty ground ground empty empty empty empty empty 
empty empty empty empty empty ground empty empty goal goal empty ground ground ground ground empty empty empty empty empty empty 
empty empty empty empty empty ground empty empty goal goal empty ground ground ground ground empty empty empty empty empty empty 
empty empty empty empty empty ground empty empty empty empty empty ground empty empty ground empty empty empty empty empty empty 
empty empty empty empty empty empty ground empty empty empty ground empty empty empty ground empty empty empty empty empty empty 
empty empty empty empty empty empty empty empty empty empty empty empty empty empty ground empty empty empty empty empty empty 
empty empty empty empty empty empty empty empty empty empty empty empty empty empty ground empty empty empty empty empty empty 
empty empty empty empty empty empty empty empty empty empty empty empty empty empty ground empty empty empty empty empty empty 
empty empty empty empty empty empty empty empty empty empty empty empty empty empty ground empty ground empty empty empty empty 
empty empty empty empty empty empty empty empty empty empty empty empty empty empty ground ground empty empty empty empty empty 
empty empty empty empty empty empty empty empty empty empty empty empty ground ground ground empty empty empty empty empty empty 
empty empty empty empty empty empty empty empty empty empty empty empty ground ground empty empty empty empty empty empty empty 
empty empty empty empty empty empty empty empty empty empty empty empty empty empty empty empty empty empty empty empty empty 
empty empty empty empty empty empty empty empty empty empty empty empty empty empty empty empty empty empty empty empty empty 
empty empty empty empty empty empty empty empty empty empty empty empty empty empty empty empty empty empty empty empty empty 
empty empty empty empty empty empty empty empty empty empty empty empty empty empty empty empty empty empty empty empty empty 
