empty empty empty empty empty empty empty empty empty empty empty empty empty empty empty empty empty empty empty empty empty 
empty empty empty empty empty empty empty empty empty empty empty empty empty empty empty empty empty empty empty empty empty 
empty empty empty empty empty empty empty empty empty empty empty empty empty empty empty empty empty empty empty empty empty 
empty empty empty empty empty empty empty empty empty empty empty empty empty empty empty empty empty empty empty empty empty 
empty empty empty empty empty empty empty empty empty empty empty empty empty empty empty empty empty empty empty empty empty 
empty empty empty empty empty empty empty empty empty empty empty empty empty empty empty empty empty empty empty empty empty 
empty empty empty empty empty empty empty empty empty ground ground empty empty empty empty empty empty empty empty empty empty 
empty empty empty empty empty empty empty empty empty ground ground empty empty empty empty empty empty empty empty empty empty 
empty empty empty empty empty empty empty empty ground empty empty ground empty empty empty empty empty empty empty empty empty 
empty empty empty empty empty empty empty empty ground spawn1 empty ground empty empty empty empty empty empty empty empty empty 
empty empty empty empty empty empty empty empty ground empty empty ground empty empty empty empty empty empty empty empty empty 
empty empty empty empty empty empty empty empty ground empty empty ground empty empty empty empty empty empty empty empty empty 
empty empty empty empty empty empty empty empty empty ground ground empty empty empty empty empty empty empty empty empty empty 
empty empty empty empty empty empty empty empty empty ground ground empty empty empty empty empty empty empty empty empty empty 
empty empty empty empty empty empty empty empty ground empty empty ground empty empty empty ground empty empty empty empty empty 
empty empty empty empty empty empty empty empty ground empty empty ground empty goal goal ground empty empty empty empty empty 
empty empty empty empty empty empty empty empty ground spawn2 empty ground empty goal goal ground empty empty empty empty empty 
empty empty empty empty empty empty empty empty ground empty empty ground empty empty empty ground empty empty empty empty empty 
empty empty empty empty empty empty empty empty empty ground ground empty empty empty empty empty empty empty empty empty empty 
empty empty empty empty empty empty empty empty empty ground ground empty empty empty empty empty empty empty empty empty empty 
empty empty empty empty empty empty empty empty empty empty empty empty empty empty empty empty empty empty empty empty empty 
empty empty empty empty empty empty empty empty empty empty empty empty empty empty empty empty empty empty empty empty empty 
empty empty empty empty empty empty empty empty empty empty empty empty empty empty empty empty empty empty empty empty empty 
empty empty empty empty empty empty empty empty empty empty empty empty empty empty empty empty empty empty empty empty empty 
empty empty empty empty empty empty empty empty empty empty empty empty empty empty empty empty empty empty empty empty empty 
empty empty empty empty empty empty empty empty empty empty empty empty empty empty empty empty empty empty empty empty empty 
empty empty empty empty empty empty empty empty empty empty empty empty empty empty empty empty empty empty empty empty empty 
empty empty empty empty empty empty empty empty empty empty empty empty empty empty empty empty empty empty empty empty empty 
