empty empty empty empty empty empty empty empty empty empty empty empty empty empty empty empty empty empty empty empty empty 
empty empty empty empty empty empty empty empty empty empty empty empty empty empty empty empty empty empty empty empty empty 
empty empty empty empty empty empty empty empty empty empty empty empty empty empty empty empty empty empty empty empty empty 
empty empty empty empty empty empty empty empty empty empty empty empty empty empty empty empty empty empty empty empty empty 
empty empty empty empty empty empty empty empty empty spawn1 empty ground ground empty empty empty empty empty empty empty empty 
empty empty empty empty empty empty empty empty empty empty empty ground ground empty empty empty empty empty empty empty empty 
empty empty empty empty empty empty empty empty empty spawn2 empty ground ground empty empty empty empty empty empty empty empty 
empty empty empty empty empty empty empty empty empty empty empty ground ground empty empty empty empty empty empty empty empty 
empty empty empty empty empty empty ground ground empty spawn3 empty ground ground empty empty empty empty empty empty empty empty 
empty empty empty empty empty empty empty ground empty empty empty ground ground empty empty empty empty empty empty empty empty 
empty empty empty empty empty empty empty ground empty empty ground ground ground empty empty empty ground empty ground empty empty 
empty empty empty empty empty empty empty ground ground ground ground ground ground empty empty empty empty ground empty empty empty 
empty empty empty empty empty empty empty ground ground ground ground ground ground empty empty empty ground empty ground empty empty 
empty empty empty empty empty empty empty ground ground ground ground ground ground empty empty empty empty empty empty empty empty 
empty empty empty empty empty empty empty ground empty empty ground ground ground empty ground empty ground empty ground empty empty 
empty empty empty empty empty empty empty ground empty empty empty ground ground empty ground empty ground empty ground empty empty 
empty empty empty empty empty empty ground ground empty empty empty ground ground empty ground ground ground ground ground empty empty 
empty empty empty empty empty empty empty empty empty empty empty ground ground empty empty empty empty empty empty empty empty 
empty empty empty empty empty empty empty empty empty goal goal ground ground empty goal goal goal empty goal empty empty 
empty empty empty empty empty empty empty empty empty goal goal ground ground empty empty empty empty empty empty empty empty 
empty empty empty empty empty empty empty empty empty goal goal ground ground empty empty empty empty empty empty empty empty 
empty empty empty empty empty empty empty empty empty empty empty ground ground empty empty empty empty empty empty empty empty 
empty empty empty empty empty empty empty empty empty empty empty empty empty empty empty empty empty empty empty empty empty 
empty empty empty empty empty empty empty empty empty empty empty empty empty empty empty empty empty empty empty empty empty 
empty empty empty empty empty empty empty empty empty empty empty empty empty empty empty empty empty empty empty empty empty 
empty empty empty empty empty empty empty empty empty empty empty empty empty empty empty empty empty empty empty empty empty 
empty empty empty empty empty empty empty empty empty empty empty empty empty empty empty empty empty empty empty empty empty 
empty empty empty empty empty empty empty empty empty empty empty empty empty empty empty empty empty empty empty empty empty 
