empty empty empty empty empty empty empty empty empty empty empty empty empty empty empty empty empty empty empty empty empty 
empty empty empty empty empty empty empty empty empty empty empty empty empty empty empty empty empty empty empty empty empty 
empty empty empty empty empty empty empty empty empty empty empty empty empty empty empty empty empty empty empty empty empty 
empty empty empty empty empty empty empty empty empty empty empty empty empty empty empty empty empty empty empty empty empty 
empty empty empty empty empty empty empty empty empty empty empty empty empty empty empty empty empty empty empty empty empty 
empty empty empty empty empty empty empty empty empty empty empty empty empty empty empty empty empty empty empty empty empty 
empty empty empty empty empty empty empty empty empty empty empty empty empty ground empty empty empty empty empty empty empty 
empty empty empty empty empty empty empty empty ground ground ground empty empty empty ground empty empty empty empty empty empty 
empty empty empty empty empty empty empty ground empty empty ground empty empty goal ground empty empty empty empty empty empty 
empty empty empty empty empty empty empty ground empty empty ground empty empty goal ground empty empty empty empty empty empty 
empty empty empty empty empty empty empty ground empty empty ground empty empty goal ground empty empty empty empty empty empty 
empty empty empty empty empty empty empty ground ground ground empty empty empty empty ground empty empty empty empty empty empty 
empty empty empty empty empty empty empty ground ground ground ground ground ground ground empty empty empty empty empty empty empty 
empty empty empty empty empty empty ground ground empty empty ground ground empty empty ground empty empty empty empty empty empty 
empty empty empty empty empty empty ground ground spawn2 empty ground ground spawn1 empty ground empty empty empty empty empty empty 
empty empty empty empty empty empty ground ground empty empty ground ground empty empty ground empty empty empty empty empty empty 
empty empty empty empty empty empty ground ground empty empty ground ground empty empty ground empty empty empty empty empty empty 
empty empty empty empty empty empty empty empty ground ground ground ground empty empty ground empty empty empty empty empty empty 
empty empty empty empty empty empty empty empty empty empty empty empty empty empty ground empty empty empty empty empty empty 
empty empty empty empty empty empty empty empty empty empty empty empty empty empty ground empty empty empty empty empty empty 
empty empty empty empty empty empty empty empty empty empty empty empty ground ground ground empty empty empty empty empty empty 
empty empty empty empty empty empty empty empty empty ground ground empty empty empty empty empty empty empty empty empty empty 
empty empty empty empty empty empty empty empty empty ground empty empty empty empty empty empty empty empty empty empty empty 
empty empty empty empty empty empty empty empty empty empty empty empty empty empty empty empty empty empty empty empty empty 
empty empty empty empty empty empty empty empty empty empty empty empty empty empty empty empty empty empty empty empty empty 
empty empty empty empty empty empty empty empty empty empty empty empty empty empty empty empty empty empty empty empty empty 
empty empty empty empty empty empty empty empty empty empty empty empty empty empty empty empty empty empty empty empty empty 
empty empty empty empty empty empty empty empty empty empty empty empty empty empty empty empty empty empty empty empty empty 
